<mat-toolbar class="GlobalHeader" color="primary"
  ><div>test</div>
  <div>hello</div>
</mat-toolbar>
