<mat-toolbar class="GlobalHeader" color="primary">
  <div> hello </div>
</mat-toolbar>