import { NgModule } from '@angular/core';
import { CommonModule } from '@angular/common';
import { SampleComponent } from "./sample.component";

@NgModule({
  imports: [CommonModule],
  exports: [SampleComponent],
  declarations: [SampleComponent]
})
export class CommonUiModule { }
