<mat-toolbar class="mat-typography" color="primary">Sample header</mat-toolbar>
