<div></div>
<razroo-angular-starter-global-header></razroo-angular-starter-global-header>
