.DarkMode {
  background: #000000;
  color: #ffffff;
}