<razroo-angular-starter-global-header></razroo-angular-starter-global-header>
<div></div>
