export function pushScaffoldCommands(context, isProduction: boolean, packageJsonParams) {
}