import { NgModule } from '@angular/core';
import { CommonModule } from '@angular/common';

@NgModule({
  providers: [],
  imports: [CommonModule],
  exports: [HomeComponent]
})
export class HomeModule { }
