import { NgModule } from '@angular/core';
import { CommonModule } from '@angular/common';
import { EffectsModule } from "@ngrx/effects";
import { TestEffects } from "./snapshots/sample.effect";

@NgModule({
  imports: [
    CommonModule,
    EffectsModule.forFeature([TestEffects])
  ],
  providers: [],
})
export class DataAccessBooksModule { }
