<mat-toolbar class="GlobalHeader" color="primary">
  <div>hello</div>
  <div>test</div></mat-toolbar
>
